
> mi-app@0.0.0 start
> ng serve

❯ Building...
✔ Building...
Browser bundles     
Initial chunk files  | Names            |  Raw size
styles.css           | styles           | 277.01 kB | 
main.js              | main             |  41.15 kB | 

                     | Initial total    | 318.15 kB


Server bundles      
Initial chunk files  | Names            |  Raw size
main.server.mjs      | main.server      |  42.35 kB | 
server.mjs           | server           |   1.86 kB | 
polyfills.server.mjs | polyfills.server | 268 bytes | 

Application bundle generation complete. [5.425 seconds] - 2026-09-11T06:49:00.183Z

Watch mode enabled. Watching for file changes...
NOTE: Raw file sizes do not reflect development server per-request transformations.
  [32m➜[39m  [1mLocal[22m:   [36mhttp://localhost:[1m4200[22m/[39m
[2m[32m  ➜[39m[22m[2m  press [22m[1mh + enter[22m[2m to show help[22m
^C